// Jest Snapshot v1, https://goo.gl/fbAQLP

exports[`SingleComic Should render correctly 1`] = `ReactWrapper {}`;
