// Jest Snapshot v1, https://goo.gl/fbAQLP

exports[`StarComponent Should render correctly 1`] = `ShallowWrapper {}`;
